Buildozer is running as root!
This is not recommended, and may lead to problems later.
Are you sure you want to continue [y/n]? # Ensure build layout
# Check configuration tokens
# Preparing build
# Check requirements for android
# Search for Git (git)
#  -> found at /usr/bin/git
# Search for Cython (cython)
#  -> found at /usr/local/bin/cython
# Search for Java compiler (javac)
#  -> found at /usr/bin/javac
# Search for Java keytool (keytool)
#  -> found at /usr/bin/keytool
# Install platform
# Run 'git config --get remote.origin.url' ...
# Cwd /data/data/com.termux/files/home/downloads/TradingSignalV3/.buildozer/android/platform/python-for-android
https://github.com/kivy/python-for-android.git
# Run 'git branch -vv' ...
# Cwd /data/data/com.termux/files/home/downloads/TradingSignalV3/.buildozer/android/platform/python-for-android
* master 58d21141 [origin/master] Merge pull request #3321 from kivy/release-2026.05.09
# Run '/usr/bin/python3 -m pip install -q --user appdirs colorama>=0.3.3 jinja2 sh>=2, <3.0; sys_platform!="win32" meson ninja build toml packaging setuptools wheel~=0.43.0' ...
# Cwd None
error: externally-managed-environment

× This environment is externally managed
╰─> To install Python packages system-wide, try apt install
    python3-xyz, where xyz is the package you are trying to
    install.
    
    If you wish to install a non-Debian-packaged Python package,
    create a virtual environment using python3 -m venv path/to/venv.
    Then use path/to/venv/bin/python and path/to/venv/bin/pip. Make
    sure you have python3-full installed.
    
    If you wish to install a non-Debian packaged Python application,
    it may be easiest to use pipx install xyz, which will manage a
    virtual environment for you. Make sure you have pipx installed.
    
    See /usr/share/doc/python3.13/README.venv for more information.

note: If you believe this is a mistake, please contact your Python installation or OS distribution provider. You can override this, at the risk of breaking your Python installation or OS, by passing --break-system-packages.
hint: See PEP 668 for the detailed specification.
# Command failed: ('/usr/bin/python3', '-m', 'pip', 'install', '-q', '--user', 'appdirs', 'colorama>=0.3.3', 'jinja2', 'sh>=2, <3.0; sys_platform!="win32"', 'meson', 'ninja', 'build', 'toml', 'packaging', 'setuptools', 'wheel~=0.43.0')
# Error code: 1
# ENVIRONMENT:
#     COLORTERM = 'truecolor'
#     PWD = '/data/data/com.termux/files/home/downloads/TradingSignalV3'
#     EXTERNAL_STORAGE = '/sdcard'
#     HOME = '/root'
#     DEX2OATBOOTCLASSPATH = '/apex/com.android.art/javalib/core-oj.jar:/apex/com.android.art/javalib/core-libart.jar:/apex/com.android.art/javalib/okhttp.jar:/apex/com.android.art/javalib/bouncycastle.jar:/apex/com.android.art/javalib/apache-xml.jar:/system/framework/framework.jar:/system/framework/framework-graphics.jar:/system/framework/framework-location.jar:/system/framework/ext.jar:/system/framework/telephony-common.jar:/system/framework/voip-common.jar:/system/framework/ims-common.jar:/system_ext/framework/miui-framework.jar:/system_ext/framework/miui-telephony-common.jar:/system_ext/framework/miui-enterprise-sdk.jar:/system_ext/framework/mediatek-telephony-base.jar:/system_ext/framework/mediatek-telephony-common.jar:/system_ext/framework/mediatek-carrier-config-manager.jar:/system_ext/framework/mediatek-common.jar:/system_ext/framework/mediatek-framework.jar:/system_ext/framework/mediatek-ims-common.jar:/system_ext/framework/mediatek-ims-base.jar:/system_ext/framework/mediatek-telecom-common.jar:/system_ext/framework/vendor.xiaomi.hardware.videoservice-V4-java.jar:/apex/com.android.i18n/javalib/core-icu4j.jar'
#     ANDROID_DATA = '/data'
#     TERM = 'xterm-256color'
#     PROOT_L2S_DIR = '/data/data/com.termux/files/usr/var/lib/proot-distro/containers/debian/rootfs/.l2s'
#     USER = 'root'
#     TERMUX_EXEC__PROC_SELF_EXE = '/data/data/com.termux/files/usr/bin/proot'
#     ANDROID_I18N_ROOT = '/apex/com.android.i18n'
#     SHLVL = '1'
#     ANDROID_ROOT = '/system'
#     BOOTCLASSPATH = '/apex/com.android.art/javalib/core-oj.jar:/apex/com.android.art/javalib/core-libart.jar:/apex/com.android.art/javalib/okhttp.jar:/apex/com.android.art/javalib/bouncycastle.jar:/apex/com.android.art/javalib/apache-xml.jar:/system/framework/framework.jar:/system/framework/framework-graphics.jar:/system/framework/framework-location.jar:/system/framework/ext.jar:/system/framework/telephony-common.jar:/system/framework/voip-common.jar:/system/framework/ims-common.jar:/system_ext/framework/miui-framework.jar:/system_ext/framework/miui-telephony-common.jar:/system_ext/framework/miui-enterprise-sdk.jar:/system_ext/framework/mediatek-telephony-base.jar:/system_ext/framework/mediatek-telephony-common.jar:/system_ext/framework/mediatek-carrier-config-manager.jar:/system_ext/framework/mediatek-common.jar:/system_ext/framework/mediatek-framework.jar:/system_ext/framework/mediatek-ims-common.jar:/system_ext/framework/mediatek-ims-base.jar:/system_ext/framework/mediatek-telecom-common.jar:/system_ext/framework/vendor.xiaomi.hardware.videoservice-V4-java.jar:/apex/com.android.i18n/javalib/core-icu4j.jar:/apex/com.android.adservices/javalib/framework-adservices.jar:/apex/com.android.adservices/javalib/framework-sdksandbox.jar:/apex/com.android.appsearch/javalib/framework-appsearch.jar:/apex/com.android.btservices/javalib/framework-bluetooth.jar:/apex/com.android.configinfrastructure/javalib/framework-configinfrastructure.jar:/apex/com.android.conscrypt/javalib/conscrypt.jar:/apex/com.android.devicelock/javalib/framework-devicelock.jar:/apex/com.android.healthfitness/javalib/framework-healthfitness.jar:/apex/com.android.ipsec/javalib/android.net.ipsec.ike.jar:/apex/com.android.media/javalib/updatable-media.jar:/apex/com.android.mediaprovider/javalib/framework-mediaprovider.jar:/apex/com.android.mediaprovider/javalib/framework-pdf.jar:/apex/com.android.mediaprovider/javalib/framework-pdf-v.jar:/apex/com.android.mediaprovider/javalib/framework-photopicker.jar:/apex/com.android.nfcservices/javalib/framework-nfc.jar:/apex/com.android.ondevicepersonalization/javalib/framework-ondevicepersonalization.jar:/apex/com.android.os.statsd/javalib/framework-statsd.jar:/apex/com.android.permission/javalib/framework-permission.jar:/apex/com.android.permission/javalib/framework-permission-s.jar:/apex/com.android.profiling/javalib/framework-profiling.jar:/apex/com.android.scheduling/javalib/framework-scheduling.jar:/apex/com.android.sdkext/javalib/framework-sdkextensions.jar:/apex/com.android.tethering/javalib/framework-connectivity.jar:/apex/com.android.tethering/javalib/framework-connectivity-t.jar:/apex/com.android.tethering/javalib/framework-tethering.jar:/apex/com.android.uwb/javalib/framework-uwb.jar:/apex/com.android.virt/javalib/framework-virtualization.jar:/apex/com.android.wifi/javalib/framework-wifi.jar'
#     MOZ_FAKE_NO_SANDBOX = '1'
#     ANDROID_TZDATA_ROOT = '/apex/com.android.tzdata'
#     PATH = '/root/.buildozer/android/platform/apache-ant-1.9.4/bin:/usr/local/sbin:/usr/local/bin:/usr/sbin:/usr/bin:/sbin:/bin:/data/data/com.termux/files/usr/bin'
#     ANDROID_ART_ROOT = '/apex/com.android.art'
#     PULSE_SERVER = '127.0.0.1'
#     _ = '/usr/local/bin/buildozer'
#     OLDPWD = '/root'
#     LC_CTYPE = 'C.UTF-8'
# 
# Buildozer failed to execute the last command
# The error might be hidden in the log above this error
# Please read the full log, and search for it before
# raising an issue with buildozer itself.
# In case of a bug report, please add a full log with log_level = 2
